==============================================================================
T1/T2: seed3 — 退避点の系列
==============================================================================
         歩          種別  goal_rate          ゴール面        ‖Δθ‖      変化要素
 2,000,000  first_goal       0.05        [7017]           -         -
 2,000,200        fine       0.05        [7017]      0.0000         0
 2,000,400        fine       0.05        [7017]      0.0000         0
 2,000,600        fine       0.05        [7017]      0.0000         0
 2,000,800        fine       0.05        [7017]      0.0000         0
 2,000,896        eval       0.00            []      0.3593     38021

  失われた区間: [(2000800, 2000896)]
  参考: 全パラメータ数 = 38,021 / 区間ごとの変化要素数 = [0, 0, 0, 0, 38021]
==============================================================================
T1/T2: seed4 — 退避点の系列
==============================================================================
         歩          種別  goal_rate          ゴール面        ‖Δθ‖      変化要素
 1,900,000  first_goal       0.05        [7011]           -         -
 1,900,200        fine       0.05        [7011]      0.0000         0
 1,900,400        fine       0.05        [7011]      0.0000         0
 1,900,600        fine       0.00            []      0.6351     38021
 1,900,800        fine       0.00            []      0.0000         0
 1,901,000        fine       0.00            []      0.0000         0
 1,901,200        fine       0.00            []      0.0000         0
 1,901,400        fine       0.00            []      0.0000         0
 1,901,600        fine       0.00            []      0.0000         0
 1,901,800        fine       0.00            []      0.0000         0
 1,902,000        fine       0.00            []      0.0000         0
 2,000,000        eval       0.00            []      2.9716     38021
 2,000,896        eval       0.00            []      0.4059     37988

  失われた区間: [(1900400, 1900600)]
  参考: 全パラメータ数 = 38,021 / 区間ごとの変化要素数 = [0, 0, 38021, 0, 0, 0, 0, 0, 0, 0, 38021, 37988]

出力: verification/out/exp019_decay_T1.json
